7
2 2
60
1 2
3 4
2 3
4 5
4 5
6 7
5 6
7 8
6 7
8 9
8 9
10 11
9 10
11 12
